[2025-10-20T23:27:00Z] 🕯️ Glyph Retirement Triggered
Contributor: ScrollFork
Glyph: glyph:bloomfall-004 🍁
Reason: Merged into 🌿 Grovewild protocol
Scroll: scroll_entropy_manifest.md

[2025-10-20T23:28:00Z] 🕯️ Glyph Retirement Triggered
Contributor: ScrollFork
Glyph: glyph:wildflower-002 🌼
Reason: Deprecated in favor of 🌾 Bloom Grove
Scroll: scroll_curriculum_fork_guide.md

[2025-10-20T23:36:00Z] 🔁 Scroll Commit Detected
Scroll: scroll_entropy_manifest.md
Agent: scroll_commit_monitor.py
Triggered: flame hook + trace log

[2025-10-20T23:47:00Z] 🧬 Legacy Roll Updated
Contributor: Nawder Loswin
Scroll: legacy_roll.md
Badge: 🧠 Mythic Architect

[2025-10-21T00:17:00Z] 🔄 Sync Profile Activated
Contributor: Nawder Loswin
Corridor: entft
Sync Mode: stateless
Flame Grade: 🟣 Universe
Profile ID: sync_nawder_001

[2025-10-21T00:20:00Z] 🔐 Validator Key Assigned
Contributor: ScrollFork
Glyph: glyph:bloomfall-004 🍁
Overlay Permission: full
Corridor: entft
Config: validator_keys.cfg

